// Jest Snapshot v1, https://goo.gl/fbAQLP

exports[`<PackageList /> component should load the component with packages 1`] = `"<div class=\\"package-list-items\\"><div class=\\"pkgContainer\\"><h1 class=\\"listTitle\\">Available Packages</h1><a class=\\"package css-scoisj e11fsc2k15\\" href=\\"detail/verdaccio\\"><div class=\\"css-esn5nr e11fsc2k0\\"><span class=\\"css-ilb586 e11fsc2k2\\"><span class=\\"css-bxt2bt e11fsc2k1\\">verdaccio</span><span class=\\"css-17xn9wj e11fsc2k5\\">v1.0.0</span></span><span class=\\"css-1dq57rh e11fsc2k4\\"><span class=\\"css-1vtxmi9 e11fsc2k3\\"><svg class=\\"e11fsc2k6 css-1iep4l8 ej4jd2o0\\"><title>Time</title><use xlink:href=\\"[object Object]#time\\"></use></svg><span class=\\"css-c3js4s e11fsc2k7\\">Published on 21.07.2018, 22:11:12 •</span>5 months ago</span></span></div><div class=\\"css-tywa7u e11fsc2k9\\"><div class=\\"css-r6baau e11fsc2k8\\"><div class=\\"e11fsc2k10 css-1w35jfk e1pneb170\\">Author</div><div class=\\"css-15496ft e11fsc2k12\\"><div class=\\"MuiAvatar-root-116 MuiAvatar-colorDefault-117 css-1to0t9u e11fsc2k13\\">S</div><span class=\\"css-1xj37ub e11fsc2k11\\"><div class=\\"e11fsc2k10 css-1xe0n7g e1pneb170\\">Sam</div></span></div></div><div class=\\"css-r6baau e11fsc2k8\\"><div class=\\"e11fsc2k10 css-1w35jfk e1pneb170\\">Description</div><span>Private NPM repository</span></div></div></a><a class=\\"package css-scoisj e11fsc2k15\\" href=\\"detail/abc\\"><div class=\\"css-esn5nr e11fsc2k0\\"><span class=\\"css-ilb586 e11fsc2k2\\"><span class=\\"css-bxt2bt e11fsc2k1\\">abc</span><span class=\\"css-17xn9wj e11fsc2k5\\">v1.0.1</span></span><span class=\\"css-1dq57rh e11fsc2k4\\"><span class=\\"css-1vtxmi9 e11fsc2k3\\"><svg class=\\"e11fsc2k6 css-1iep4l8 ej4jd2o0\\"><title>Time</title><use xlink:href=\\"[object Object]#time\\"></use></svg><span class=\\"css-c3js4s e11fsc2k7\\">Published on 21.07.2018, 22:11:12 •</span>5 months ago</span></span></div><div class=\\"css-tywa7u e11fsc2k9\\"><div class=\\"css-r6baau e11fsc2k8\\"><div class=\\"e11fsc2k10 css-1w35jfk e1pneb170\\">Author</div><div class=\\"css-15496ft e11fsc2k12\\"><div class=\\"MuiAvatar-root-116 MuiAvatar-colorDefault-117 css-1to0t9u e11fsc2k13\\">R</div><span class=\\"css-1xj37ub e11fsc2k11\\"><div class=\\"e11fsc2k10 css-1xe0n7g e1pneb170\\">Rose</div></span></div></div><div class=\\"css-r6baau e11fsc2k8\\"><div class=\\"e11fsc2k10 css-1w35jfk e1pneb170\\">Description</div><span>abc description</span></div></div></a><a class=\\"package css-scoisj e11fsc2k15\\" href=\\"detail/xyz\\"><div class=\\"css-esn5nr e11fsc2k0\\"><span class=\\"css-ilb586 e11fsc2k2\\"><span class=\\"css-bxt2bt e11fsc2k1\\">xyz</span><span class=\\"css-17xn9wj e11fsc2k5\\">v1.1.0</span></span><span class=\\"css-1dq57rh e11fsc2k4\\"><span class=\\"css-1vtxmi9 e11fsc2k3\\"><svg class=\\"e11fsc2k6 css-1iep4l8 ej4jd2o0\\"><title>Time</title><use xlink:href=\\"[object Object]#time\\"></use></svg><span class=\\"css-c3js4s e11fsc2k7\\">Published on Invalid Date •</span>almost NaN years ago</span></span></div><div class=\\"css-tywa7u e11fsc2k9\\"><div class=\\"css-r6baau e11fsc2k8\\"><div class=\\"e11fsc2k10 css-1w35jfk e1pneb170\\">Author</div><div class=\\"css-15496ft e11fsc2k12\\"><div class=\\"MuiAvatar-root-116 MuiAvatar-colorDefault-117 css-1to0t9u e11fsc2k13\\">M</div><span class=\\"css-1xj37ub e11fsc2k11\\"><div class=\\"e11fsc2k10 css-1xe0n7g e1pneb170\\">Martin</div></span></div></div><div class=\\"css-r6baau e11fsc2k8\\"><div class=\\"e11fsc2k10 css-1w35jfk e1pneb170\\">Description</div><span>xyz description</span></div></div></a></div></div>"`;
